CovidNegative	CovidNegative	CovidNegative	CovidNegative	CovidNegative	CovidNegative	CovidNegative	CovidNegative	CovidNegative	CovidNegative	CovidNegative	CovidNegative	CovidNegative	CovidNegative	CovidNegative	CovidNegative	CovidNegative	CovidNegative	CovidNegative	CovidNegative	CovidNegative	CovidNegative	CovidNegative	CovidNegative	CovidNegative	CovidNegative	CovidNegative	CovidNegative	CovidNegative	CovidNegative	CovidNegative	CovidNegative	CovidNegative	CovidNegative	CovidNegative	CovidNegative	CovidNegative	CovidNegative	CovidNegative	CovidNegative	CovidNegative	CovidNegative	CovidNegative	CovidNegative	CovidNegative	CovidNegative	CovidNegative	CovidNegative	CovidNegative	CovidNegative	CovidNegative	CovidPositive	CovidPositive	CovidPositive	CovidPositive	CovidPositive	CovidPositive	CovidPositive	CovidPositive	CovidPositive	CovidPositive	CovidPositive	CovidPositive	CovidPositive	CovidPositive	CovidPositive	CovidPositive	CovidPositive	CovidPositive	CovidPositive	CovidPositive	CovidPositive	CovidPositive	CovidPositive	CovidPositive	CovidPositive	CovidPositive	CovidPositive	CovidPositive	CovidPositive	CovidPositive	CovidPositive	CovidPositive	CovidPositive	CovidPositive	CovidPositive	CovidPositive	CovidPositive	CovidPositive	CovidPositive	CovidPositive	CovidPositive	CovidPositive	CovidPositive	CovidPositive	CovidPositive	CovidPositive	CovidPositive	CovidPositive	CovidPositive	CovidPositive	CovidPositive	CovidPositive	CovidPositive	CovidPositive	CovidPositive	CovidPositive	CovidPositive	CovidPositive	CovidPositive	CovidPositive	CovidPositive	CovidPositive	CovidPositive	CovidPositive	CovidPositive	CovidPositive	CovidPositive	CovidPositive	CovidPositive	CovidPositive	CovidPositive	CovidPositive	CovidPositive	CovidPositive	CovidPositive	CovidPositive	CovidPositive	CovidPositive	CovidPositive	CovidPositive	CovidPositive	CovidPositive	CovidPositive	CovidPositive	CovidPositive	CovidPositive	CovidPositive	CovidPositive	CovidPositive	CovidPositive	CovidPositive	CovidPositive	CovidPositive	CovidPositive	CovidPositive	CovidPositive	CovidPositive	CovidPositive	CovidPositive	CovidPositive	CovidPositive	CovidPositive	CovidPositive	CovidPositive	CovidPositive	CovidPositive	CovidPositive	CovidPositive	CovidPositive	CovidPositive	CovidPositive	CovidPositive	CovidPositive	CovidPositive	CovidPositive	CovidPositive	CovidPositive	CovidPositive	CovidPositive	CovidPositive	CovidPositive	CovidPositive	CovidPositive	CovidPositive	CovidPositive	CovidPositive	CovidPositive	CovidPositive	CovidPositive	CovidPositive	CovidPositive	CovidPositive	CovidPositive	CovidPositive	CovidPositive	CovidPositive	CovidPositive	CovidPositive	CovidPositive	CovidPositive	CovidPositive	CovidPositive	CovidPositive	CovidPositive	CovidPositive	CovidPositive	CovidPositive	CovidPositive	CovidPositive	CovidPositive	CovidPositive	CovidPositive	CovidPositive	CovidPositive	CovidPositive	CovidPositive	CovidPositive	CovidPositive	CovidPositive	CovidPositive	CovidPositive	CovidPositive	CovidPositive	CovidPositive	CovidPositive	CovidPositive	CovidPositive	CovidPositive	CovidPositive	CovidPositive	CovidPositive	CovidPositive	CovidPositive	CovidPositive	CovidPositive	CovidPositive	CovidPositive	CovidPositive	CovidPositive	CovidPositive	CovidPositive	CovidPositive	CovidPositive	CovidPositive	CovidPositive	CovidPositive	CovidPositive	CovidPositive	CovidPositive	CovidPositive	CovidPositive	CovidPositive	CovidPositive	CovidPositive	CovidPositive	CovidPositive	CovidPositive	CovidPositive	CovidPositive	CovidPositive	CovidPositive	CovidPositive	CovidPositive	CovidPositive	CovidPositive	CovidPositive	CovidPositive	CovidPositive	CovidPositive	CovidPositive	CovidPositive	CovidPositive	CovidPositive	CovidPositive	CovidPositive	CovidPositive	CovidPositive	CovidPositive	CovidPositive	CovidPositive	CovidPositive	CovidPositive	CovidPositive	CovidPositive	CovidPositive	CovidPositive	CovidPositive	CovidPositive	CovidPositive	CovidPositive	CovidPositive	CovidPositive	CovidPositive	CovidPositive	CovidPositive	CovidPositive	CovidPositive	CovidPositive	CovidPositive	CovidPositive	CovidPositive	CovidPositive	CovidPositive	CovidPositive	CovidPositive	CovidPositive	CovidPositive	CovidPositive	CovidPositive	CovidPositive	CovidPositive	CovidPositive	CovidPositive	CovidPositive	CovidPositive	CovidPositive	CovidPositive	CovidPositive	CovidPositive	CovidPositive	CovidPositive	CovidPositive	CovidPositive	CovidPositive	CovidPositive	CovidPositive	CovidPositive	CovidPositive	CovidPositive	CovidPositive	CovidPositive	CovidPositive	CovidPositive	CovidPositive	CovidPositive	CovidPositive	CovidPositive	CovidPositive	CovidPositive	CovidPositive	CovidPositive	CovidPositive	CovidPositive	CovidPositive	CovidPositive	CovidPositive	CovidPositive	CovidPositive	CovidPositive	CovidPositive	CovidPositive	CovidPositive	CovidPositive	CovidPositive	CovidPositive	CovidPositive	CovidPositive	CovidPositive	CovidPositive	CovidPositive	CovidPositive	CovidPositive	CovidPositive	CovidPositive	CovidPositive	CovidPositive	CovidPositive	CovidPositive	CovidPositive	CovidPositive	CovidPositive	CovidPositive	CovidPositive	CovidPositive	CovidPositive	CovidPositive	CovidPositive	CovidPositive	
